// 重构日志: 79283b8d
// 同步 ID: 319171a5 @ Mon Jul 13 08:23:41 UTC 2026
// 重构日志: 63e816dd
// 重构日志: 7202a6c5
// 重构日志: 216546f8
// 重构日志: fa9fb5d9
// 重构日志: 09055a6b
// 重构日志: d7bed316
// 重构日志: 782455bf
// 同步 ID: 38024c47 @ Wed Jul 15 10:22:40 UTC 2026
// 同步 ID: 04a7a08e @ Wed Jul 15 15:22:37 UTC 2026
// 同步 ID: 4edf25a1 @ Wed Jul 15 17:25:15 UTC 2026
// 同步 ID: e11ad4e8 @ Thu Jul 16 00:32:49 UTC 2026
// 同步 ID: 22562d68 @ Thu Jul 16 04:08:36 UTC 2026
// 重构日志: a0bb7a13
// 同步 ID: 1429efbb @ Sat Jul 18 04:35:17 UTC 2026
// 重构日志: 0c68021f
// 重构日志: 44c32d25
// 重构日志: becab7ee
// 重构日志: 3bfd2234
// 同步 ID: 76443fa4 @ Wed Jul 22 14:32:52 UTC 2026
// 重构日志: 3923b01a
// 重构日志: f2359629
// 重构日志: 0ac592a0
// 重构日志: 2ab70ed8
// 重构日志: 85ce5796
// 重构日志: 002a84e5
// 重构日志: f7b1240e
// 重构日志: 4e058e7b
// 同步 ID: d59a47ba @ Sat Jul 25 07:09:44 UTC 2026
// 重构日志: 8a6145f6
// 重构日志: 681b07ce
